FluxTmlg [body=AnnounceAudioTmlg [url=http://localhost/get10.151.156.180Mon_Nov_04_140724_CET_2013343.mp3, format=mp3, fileName=10.151.156.180Mon_Nov_04_140724_CET_2013343.mp3]]
