[http://somehost/10.151.156.180Mon_Nov_04_140724_CET_2013343, mp3, 10.151.156.180Mon_Nov_04_140724_CET_2013343.wav] = FluxTmlg [body=AnnounceAudioTmlg [url=http://localhost/get10.151.156.180Mon_Nov_04_140724_CET_2013343.mp3, format=mp3, fileName=10.151.156.180Mon_Nov_04_140724_CET_2013343.mp3]] 
[http://somehost/10.151.156.180Tue_Nov_05_141112_CET_2013343, mp3, 10.151.156.180Mon_Nov_04_140724_CET_2013343.wav] = FluxTmlg [body=AnnounceAudioTmlg [url=http://localhost/get10.151.156.180Mon_Nov_04_140724_CET_2013343.mp3, format=mp3, fileName=10.151.156.180Mon_Nov_04_140724_CET_2013343.mp3]] 
[http://somehost/10.151.156.180Mon_Nov_04_140724_CET_2013343, wav, 10.151.156.180Mon_Nov_04_140724_CET_2013343.wav] = encode.audio.utils.CoreException: Cant encode file! 
[http://somehost/10.151.156.180Tue_Nov_05_141112_CET_2013343, wav, 10.151.156.180Mon_Nov_04_140724_CET_2013343.wav] = encode.audio.utils.CoreException: Cant encode file! 
[http://somehost/10.151.156.180Mon_Nov_04_140724_CET_2013343, ogg, 10.151.156.180Mon_Nov_04_140724_CET_2013343.wav] = encode.audio.utils.CoreException: Cant encode file! 
[http://somehost/10.151.156.180Tue_Nov_05_141112_CET_2013343, ogg, 10.151.156.180Mon_Nov_04_140724_CET_2013343.wav] = encode.audio.utils.CoreException: Cant encode file! 
[http://somehost/10.151.156.180Mon_Nov_04_140724_CET_2013343, zip, 10.151.156.180Mon_Nov_04_140724_CET_2013343.wav] = FluxTmlg [body=AnnounceAudioTmlg [url=http://localhost/get10.151.156.180Mon_Nov_04_140724_CET_2013343.zip, format=zip, fileName=10.151.156.180Mon_Nov_04_140724_CET_2013343.zip]] 
[http://somehost/10.151.156.180Tue_Nov_05_141112_CET_2013343, zip, 10.151.156.180Mon_Nov_04_140724_CET_2013343.wav] = FluxTmlg [body=AnnounceAudioTmlg [url=http://localhost/get10.151.156.180Mon_Nov_04_140724_CET_2013343.zip, format=zip, fileName=10.151.156.180Mon_Nov_04_140724_CET_2013343.zip]] 
[http://somehost/10.151.156.180Mon_Nov_04_140724_CET_2013343, mp3, 10.151.156.180Tue_Nov_05_141112_CET_2013343.mp3] = encode.audio.utils.CoreException: Cant encode file! 
[http://somehost/10.151.156.180Tue_Nov_05_141112_CET_2013343, mp3, 10.151.156.180Tue_Nov_05_141112_CET_2013343.mp3] = encode.audio.utils.CoreException: Cant encode file! 
[http://somehost/10.151.156.180Mon_Nov_04_140724_CET_2013343, wav, 10.151.156.180Tue_Nov_05_141112_CET_2013343.mp3] = FluxTmlg [body=AnnounceAudioTmlg [url=http://localhost/get10.151.156.180Tue_Nov_05_141112_CET_2013343.wav, format=wav, fileName=10.151.156.180Tue_Nov_05_141112_CET_2013343.wav]] 
[http://somehost/10.151.156.180Tue_Nov_05_141112_CET_2013343, wav, 10.151.156.180Tue_Nov_05_141112_CET_2013343.mp3] = FluxTmlg [body=AnnounceAudioTmlg [url=http://localhost/get10.151.156.180Tue_Nov_05_141112_CET_2013343.wav, format=wav, fileName=10.151.156.180Tue_Nov_05_141112_CET_2013343.wav]] 
[http://somehost/10.151.156.180Mon_Nov_04_140724_CET_2013343, ogg, 10.151.156.180Tue_Nov_05_141112_CET_2013343.mp3] = encode.audio.utils.CoreException: Cant encode file! 
[http://somehost/10.151.156.180Tue_Nov_05_141112_CET_2013343, ogg, 10.151.156.180Tue_Nov_05_141112_CET_2013343.mp3] = encode.audio.utils.CoreException: Cant encode file! 
[http://somehost/10.151.156.180Mon_Nov_04_140724_CET_2013343, zip, 10.151.156.180Tue_Nov_05_141112_CET_2013343.mp3] = FluxTmlg [body=AnnounceAudioTmlg [url=http://localhost/get10.151.156.180Tue_Nov_05_141112_CET_2013343.zip, format=zip, fileName=10.151.156.180Tue_Nov_05_141112_CET_2013343.zip]] 
[http://somehost/10.151.156.180Tue_Nov_05_141112_CET_2013343, zip, 10.151.156.180Tue_Nov_05_141112_CET_2013343.mp3] = FluxTmlg [body=AnnounceAudioTmlg [url=http://localhost/get10.151.156.180Tue_Nov_05_141112_CET_2013343.zip, format=zip, fileName=10.151.156.180Tue_Nov_05_141112_CET_2013343.zip]] 
[http://somehost/10.151.156.180Mon_Nov_04_140724_CET_2013343, mp3, 10.151.156.180Tue_Nov_05_141112_CET_2013343.ogg] = encode.audio.utils.CoreException: Cant encode file! 
[http://somehost/10.151.156.180Tue_Nov_05_141112_CET_2013343, mp3, 10.151.156.180Tue_Nov_05_141112_CET_2013343.ogg] = encode.audio.utils.CoreException: Cant encode file! 
[http://somehost/10.151.156.180Mon_Nov_04_140724_CET_2013343, wav, 10.151.156.180Tue_Nov_05_141112_CET_2013343.ogg] = encode.audio.utils.CoreException: Cant encode file! 
[http://somehost/10.151.156.180Tue_Nov_05_141112_CET_2013343, wav, 10.151.156.180Tue_Nov_05_141112_CET_2013343.ogg] = encode.audio.utils.CoreException: Cant encode file! 
[http://somehost/10.151.156.180Mon_Nov_04_140724_CET_2013343, ogg, 10.151.156.180Tue_Nov_05_141112_CET_2013343.ogg] = encode.audio.utils.CoreException: Cant encode file! 
[http://somehost/10.151.156.180Tue_Nov_05_141112_CET_2013343, ogg, 10.151.156.180Tue_Nov_05_141112_CET_2013343.ogg] = encode.audio.utils.CoreException: Cant encode file! 
[http://somehost/10.151.156.180Mon_Nov_04_140724_CET_2013343, zip, 10.151.156.180Tue_Nov_05_141112_CET_2013343.ogg] = encode.audio.utils.CoreException: Cant encode file! 
[http://somehost/10.151.156.180Tue_Nov_05_141112_CET_2013343, zip, 10.151.156.180Tue_Nov_05_141112_CET_2013343.ogg] = encode.audio.utils.CoreException: Cant encode file! 
[http://somehost/10.151.156.180Mon_Nov_04_140724_CET_2013343, mp3, 10.151.156.180Tue_Nov_05_141112_CET_2013343.tmp] = encode.audio.utils.CoreException: Cant encode file! 
[http://somehost/10.151.156.180Tue_Nov_05_141112_CET_2013343, mp3, 10.151.156.180Tue_Nov_05_141112_CET_2013343.tmp] = encode.audio.utils.CoreException: Cant encode file! 
[http://somehost/10.151.156.180Mon_Nov_04_140724_CET_2013343, wav, 10.151.156.180Tue_Nov_05_141112_CET_2013343.tmp] = encode.audio.utils.CoreException: Cant encode file! 
[http://somehost/10.151.156.180Tue_Nov_05_141112_CET_2013343, wav, 10.151.156.180Tue_Nov_05_141112_CET_2013343.tmp] = encode.audio.utils.CoreException: Cant encode file! 
[http://somehost/10.151.156.180Mon_Nov_04_140724_CET_2013343, ogg, 10.151.156.180Tue_Nov_05_141112_CET_2013343.tmp] = encode.audio.utils.CoreException: Cant encode file! 
[http://somehost/10.151.156.180Tue_Nov_05_141112_CET_2013343, ogg, 10.151.156.180Tue_Nov_05_141112_CET_2013343.tmp] = encode.audio.utils.CoreException: Cant encode file! 
[http://somehost/10.151.156.180Mon_Nov_04_140724_CET_2013343, zip, 10.151.156.180Tue_Nov_05_141112_CET_2013343.tmp] = encode.audio.utils.CoreException: Cant encode file! 
[http://somehost/10.151.156.180Tue_Nov_05_141112_CET_2013343, zip, 10.151.156.180Tue_Nov_05_141112_CET_2013343.tmp] = encode.audio.utils.CoreException: Cant encode file! 
